../Core/Src/main.c:219:5:main	16	static
../Core/Src/main.c:331:6:SystemClock_Config	88	static
../Core/Src/main.c:379:13:MX_I2C1_Init	8	static
../Core/Src/main.c:412:13:MX_RTC_Init	16	static
../Core/Src/main.c:469:13:MX_SPI1_Init	8	static
../Core/Src/main.c:506:13:MX_TIM2_Init	48	static
../Core/Src/main.c:563:13:MX_TIM3_Init	48	static
../Core/Src/main.c:620:13:MX_TIM4_Init	48	static
../Core/Src/main.c:677:13:MX_GPIO_Init	40	static
../Core/Src/main.c:730:7:find_max_in_sample	24	static
../Core/Src/main.c:750:7:calculate_moving_average	32	static
../Core/Src/main.c:765:7:calculate_weighted_moving_average	40	static
../Core/Src/main.c:798:6:HAL_TIM_IC_CaptureCallback	16	static
../Core/Src/main.c:803:6:HAL_TIM_PeriodElapsedCallback	16	static
../Core/Src/main.c:811:6:VCP_printf	144	static
../Core/Src/main.c:824:6:Set_Default_Parameters	4	static
../Core/Src/main.c:843:6:Save_Parameters_To_Flash	48	static
../Core/Src/main.c:878:6:Load_Parameters_From_Flash	64	static
../Core/Src/main.c:898:6:Process_Command	2136	static
../Core/Src/main.c:1014:6:Run_Control_Logic	32	static
../Core/Src/main.c:1140:6:Update_LCD_Display	24	static
../Core/Src/main.c:1157:6:CDC_On_Receive	24	static
../Core/Src/main.c:1194:6:Error_Handler	4	static,ignoring_inline_asm
