../Core/Src/main.c:134:6:Run_Control_Logic	24	static
../Core/Src/main.c:226:6:Initialize_Sensors	4	static
../Core/Src/main.c:244:6:Update_LCD_Display	24	static
../Core/Src/main.c:262:5:main	16	static
../Core/Src/main.c:340:6:SystemClock_Config	88	static
../Core/Src/main.c:388:13:MX_I2C1_Init	8	static
../Core/Src/main.c:421:13:MX_RTC_Init	16	static
../Core/Src/main.c:478:13:MX_SPI1_Init	8	static
../Core/Src/main.c:515:13:MX_USART1_UART_Init	8	static
../Core/Src/main.c:547:13:MX_USART2_UART_Init	8	static
../Core/Src/main.c:579:13:MX_USART3_UART_Init	8	static
../Core/Src/main.c:611:13:MX_GPIO_Init	40	static
../Core/Src/main.c:652:6:HAL_UART_RxCpltCallback	24	static
../Core/Src/main.c:672:6:Process_UART_Byte	24	static
../Core/Src/main.c:722:6:HAL_UART_ErrorCallback	24	static
../Core/Src/main.c:740:6:Error_Handler	4	static,ignoring_inline_asm
