../Core/Src/main.c:178:6:VCP_printf	272	static
../Core/Src/main.c:190:6:Set_Default_Parameters	4	static
../Core/Src/main.c:207:6:Save_Parameters_To_Flash	48	static
../Core/Src/main.c:239:6:Load_Parameters_From_Flash	64	static
../Core/Src/main.c:255:6:Process_Command	64	static
../Core/Src/main.c:321:6:Run_Control_Logic	32	static
../Core/Src/main.c:387:6:Initialize_Sensors	4	static
../Core/Src/main.c:416:6:Update_LCD_Display	24	static
../Core/Src/main.c:435:5:main	16	static
../Core/Src/main.c:537:6:SystemClock_Config	88	static
../Core/Src/main.c:583:13:MX_I2C1_Init	8	static
../Core/Src/main.c:615:13:MX_RTC_Init	16	static
../Core/Src/main.c:669:13:MX_SPI1_Init	8	static
../Core/Src/main.c:705:13:MX_USART1_UART_Init	8	static
../Core/Src/main.c:736:13:MX_USART2_UART_Init	8	static
../Core/Src/main.c:767:13:MX_USART3_UART_Init	8	static
../Core/Src/main.c:798:13:MX_GPIO_Init	40	static
../Core/Src/main.c:851:6:CDC_On_Receive	24	static
../Core/Src/main.c:880:6:HAL_UART_RxCpltCallback	24	static
../Core/Src/main.c:897:6:Request_Sensor_Data	24	static
../Core/Src/main.c:917:6:Process_UART_Byte	24	static
../Core/Src/main.c:967:6:HAL_UART_ErrorCallback	24	static
../Core/Src/main.c:982:6:Error_Handler	4	static,ignoring_inline_asm
