../Core/Src/main.c:175:5:main	16	static
../Core/Src/main.c:289:6:SystemClock_Config	88	static
../Core/Src/main.c:337:13:MX_I2C1_Init	8	static
../Core/Src/main.c:370:13:MX_RTC_Init	16	static
../Core/Src/main.c:427:13:MX_SPI1_Init	8	static
../Core/Src/main.c:464:13:MX_TIM2_Init	48	static
../Core/Src/main.c:521:13:MX_TIM3_Init	48	static
../Core/Src/main.c:578:13:MX_TIM4_Init	48	static
../Core/Src/main.c:635:13:MX_GPIO_Init	40	static
../Core/Src/main.c:673:6:HAL_TIM_IC_CaptureCallback	16	static
../Core/Src/main.c:678:6:HAL_TIM_PeriodElapsedCallback	16	static
../Core/Src/main.c:686:6:VCP_printf	144	static
../Core/Src/main.c:699:6:Set_Default_Parameters	4	static
../Core/Src/main.c:717:6:Save_Parameters_To_Flash	48	static
../Core/Src/main.c:752:6:Load_Parameters_From_Flash	64	static
../Core/Src/main.c:772:6:Process_Command	2128	static
../Core/Src/main.c:864:6:Run_Control_Logic	24	static
../Core/Src/main.c:939:6:Update_LCD_Display	24	static
../Core/Src/main.c:956:6:CDC_On_Receive	24	static
../Core/Src/main.c:993:6:Error_Handler	4	static,ignoring_inline_asm
